Analysis & Synthesis report for DE0_NANO_SOC_practica
Thu May 26 13:40:38 2016
Quartus II 64-Bit Version 15.0.0 Build 145 04/22/2015 SJ Web Edition


---------------------
; Table of Contents ;
---------------------
  1. Legal Notice
  2. Analysis & Synthesis Summary
  3. Analysis & Synthesis Settings
  4. Parallel Compilation
  5. Analysis & Synthesis Source Files Read
  6. Analysis & Synthesis Resource Usage Summary
  7. Analysis & Synthesis Resource Utilization by Entity
  8. Registers Removed During Synthesis
  9. General Register Statistics
 10. Port Connectivity Checks: "contador:contador_inst"
 11. Port Connectivity Checks: "divisor_frecuencia:divisor_frecuencia_inst"
 12. Post-Synthesis Netlist Statistics for Top Partition
 13. Elapsed Time Per Partition
 14. Analysis & Synthesis Messages



----------------
; Legal Notice ;
----------------
Copyright (C) 1991-2015 Altera Corporation. All rights reserved.
Your use of Altera Corporation's design tools, logic functions 
and other software and tools, and its AMPP partner logic 
functions, and any output files from any of the foregoing 
(including device programming or simulation files), and any 
associated documentation or information are expressly subject 
to the terms and conditions of the Altera Program License 
Subscription Agreement, the Altera Quartus II License Agreement,
the Altera MegaCore Function License Agreement, or other 
applicable license agreement, including, without limitation, 
that your use is for the sole purpose of programming logic 
devices manufactured by Altera and sold by Altera or its 
authorized distributors.  Please refer to the applicable 
agreement for further details.



+------------------------------------------------------------------------------+
; Analysis & Synthesis Summary                                                 ;
+---------------------------------+--------------------------------------------+
; Analysis & Synthesis Status     ; Successful - Thu May 26 13:40:38 2016      ;
; Quartus II 64-Bit Version       ; 15.0.0 Build 145 04/22/2015 SJ Web Edition ;
; Revision Name                   ; DE0_NANO_SOC_practica                      ;
; Top-level Entity Name           ; DE0_NANO_SOC_practica                      ;
; Family                          ; Cyclone V                                  ;
; Logic utilization (in ALMs)     ; N/A                                        ;
; Total registers                 ; 40                                         ;
; Total pins                      ; 110                                        ;
; Total virtual pins              ; 0                                          ;
; Total block memory bits         ; 0                                          ;
; Total DSP Blocks                ; 0                                          ;
; Total HSSI RX PCSs              ; 0                                          ;
; Total HSSI PMA RX Deserializers ; 0                                          ;
; Total HSSI TX PCSs              ; 0                                          ;
; Total HSSI PMA TX Serializers   ; 0                                          ;
; Total PLLs                      ; 0                                          ;
; Total DLLs                      ; 0                                          ;
+---------------------------------+--------------------------------------------+


+---------------------------------------------------------------------------------------------------------------------------------+
; Analysis & Synthesis Settings                                                                                                   ;
+---------------------------------------------------------------------------------+-----------------------+-----------------------+
; Option                                                                          ; Setting               ; Default Value         ;
+---------------------------------------------------------------------------------+-----------------------+-----------------------+
; Device                                                                          ; 5CSEMA4U23C6          ;                       ;
; Top-level entity name                                                           ; DE0_NANO_SOC_practica ; DE0_NANO_SOC_practica ;
; Family name                                                                     ; Cyclone V             ; Cyclone V             ;
; Use smart compilation                                                           ; Off                   ; Off                   ;
; Enable parallel Assembler and TimeQuest Timing Analyzer during compilation      ; On                    ; On                    ;
; Enable compact report table                                                     ; Off                   ; Off                   ;
; Restructure Multiplexers                                                        ; Auto                  ; Auto                  ;
; MLAB Add Timing Constraints For Mixed-Port Feed-Through Mode Setting Don't Care ; Off                   ; Off                   ;
; Create Debugging Nodes for IP Cores                                             ; Off                   ; Off                   ;
; Preserve fewer node names                                                       ; On                    ; On                    ;
; Disable OpenCore Plus hardware evaluation                                       ; Off                   ; Off                   ;
; Verilog Version                                                                 ; Verilog_2001          ; Verilog_2001          ;
; VHDL Version                                                                    ; VHDL_1993             ; VHDL_1993             ;
; State Machine Processing                                                        ; Auto                  ; Auto                  ;
; Safe State Machine                                                              ; Off                   ; Off                   ;
; Extract Verilog State Machines                                                  ; On                    ; On                    ;
; Extract VHDL State Machines                                                     ; On                    ; On                    ;
; Ignore Verilog initial constructs                                               ; Off                   ; Off                   ;
; Iteration limit for constant Verilog loops                                      ; 5000                  ; 5000                  ;
; Iteration limit for non-constant Verilog loops                                  ; 250                   ; 250                   ;
; Add Pass-Through Logic to Inferred RAMs                                         ; On                    ; On                    ;
; Infer RAMs from Raw Logic                                                       ; On                    ; On                    ;
; Parallel Synthesis                                                              ; On                    ; On                    ;
; DSP Block Balancing                                                             ; Auto                  ; Auto                  ;
; NOT Gate Push-Back                                                              ; On                    ; On                    ;
; Power-Up Don't Care                                                             ; On                    ; On                    ;
; Remove Redundant Logic Cells                                                    ; Off                   ; Off                   ;
; Remove Duplicate Registers                                                      ; On                    ; On                    ;
; Ignore CARRY Buffers                                                            ; Off                   ; Off                   ;
; Ignore CASCADE Buffers                                                          ; Off                   ; Off                   ;
; Ignore GLOBAL Buffers                                                           ; Off                   ; Off                   ;
; Ignore ROW GLOBAL Buffers                                                       ; Off                   ; Off                   ;
; Ignore LCELL Buffers                                                            ; Off                   ; Off                   ;
; Ignore SOFT Buffers                                                             ; On                    ; On                    ;
; Limit AHDL Integers to 32 Bits                                                  ; Off                   ; Off                   ;
; Optimization Technique                                                          ; Balanced              ; Balanced              ;
; Carry Chain Length                                                              ; 70                    ; 70                    ;
; Auto Carry Chains                                                               ; On                    ; On                    ;
; Auto Open-Drain Pins                                                            ; On                    ; On                    ;
; Perform WYSIWYG Primitive Resynthesis                                           ; Off                   ; Off                   ;
; Auto ROM Replacement                                                            ; On                    ; On                    ;
; Auto RAM Replacement                                                            ; On                    ; On                    ;
; Auto DSP Block Replacement                                                      ; On                    ; On                    ;
; Auto Shift Register Replacement                                                 ; Auto                  ; Auto                  ;
; Allow Shift Register Merging across Hierarchies                                 ; Auto                  ; Auto                  ;
; Auto Clock Enable Replacement                                                   ; On                    ; On                    ;
; Strict RAM Replacement                                                          ; Off                   ; Off                   ;
; Allow Synchronous Control Signals                                               ; On                    ; On                    ;
; Force Use of Synchronous Clear Signals                                          ; Off                   ; Off                   ;
; Auto Resource Sharing                                                           ; Off                   ; Off                   ;
; Allow Any RAM Size For Recognition                                              ; Off                   ; Off                   ;
; Allow Any ROM Size For Recognition                                              ; Off                   ; Off                   ;
; Allow Any Shift Register Size For Recognition                                   ; Off                   ; Off                   ;
; Use LogicLock Constraints during Resource Balancing                             ; On                    ; On                    ;
; Ignore translate_off and synthesis_off directives                               ; Off                   ; Off                   ;
; Timing-Driven Synthesis                                                         ; On                    ; On                    ;
; Report Parameter Settings                                                       ; On                    ; On                    ;
; Report Source Assignments                                                       ; On                    ; On                    ;
; Report Connectivity Checks                                                      ; On                    ; On                    ;
; Ignore Maximum Fan-Out Assignments                                              ; Off                   ; Off                   ;
; Synchronization Register Chain Length                                           ; 3                     ; 3                     ;
; PowerPlay Power Optimization During Synthesis                                   ; Normal compilation    ; Normal compilation    ;
; HDL message level                                                               ; Level2                ; Level2                ;
; Suppress Register Optimization Related Messages                                 ; Off                   ; Off                   ;
; Number of Removed Registers Reported in Synthesis Report                        ; 5000                  ; 5000                  ;
; Number of Swept Nodes Reported in Synthesis Report                              ; 5000                  ; 5000                  ;
; Number of Inverted Registers Reported in Synthesis Report                       ; 100                   ; 100                   ;
; Clock MUX Protection                                                            ; On                    ; On                    ;
; Auto Gated Clock Conversion                                                     ; Off                   ; Off                   ;
; Block Design Naming                                                             ; Auto                  ; Auto                  ;
; SDC constraint protection                                                       ; Off                   ; Off                   ;
; Synthesis Effort                                                                ; Auto                  ; Auto                  ;
; Shift Register Replacement - Allow Asynchronous Clear Signal                    ; On                    ; On                    ;
; Pre-Mapping Resynthesis Optimization                                            ; Off                   ; Off                   ;
; Analysis & Synthesis Message Level                                              ; Medium                ; Medium                ;
; Disable Register Merging Across Hierarchies                                     ; Auto                  ; Auto                  ;
; Resource Aware Inference For Block RAM                                          ; On                    ; On                    ;
; Synthesis Seed                                                                  ; 1                     ; 1                     ;
; Automatic Parallel Synthesis                                                    ; On                    ; On                    ;
; Partial Reconfiguration Bitstream ID                                            ; Off                   ; Off                   ;
+---------------------------------------------------------------------------------+-----------------------+-----------------------+


+------------------------------------------+
; Parallel Compilation                     ;
+----------------------------+-------------+
; Processors                 ; Number      ;
+----------------------------+-------------+
; Number detected on machine ; 4           ;
; Maximum allowed            ; 4           ;
;                            ;             ;
; Average used               ; 1.00        ;
; Maximum used               ; 1           ;
;                            ;             ;
; Usage by Processor         ; % Time Used ;
;     Processor 1            ; 100.0%      ;
;     Processors 2-4         ;   0.0%      ;
+----------------------------+-------------+


+------------------------------------------------------------------------------------------------------------------------------------------------------------------------+
; Analysis & Synthesis Source Files Read                                                                                                                                 ;
+----------------------------------+-----------------+------------------------------+--------------------------------------------------------------------------+---------+
; File Name with User-Entered Path ; Used in Netlist ; File Type                    ; File Name with Absolute Path                                             ; Library ;
+----------------------------------+-----------------+------------------------------+--------------------------------------------------------------------------+---------+
; modules/divisor_frecuencia.v     ; yes             ; User Verilog HDL File        ; D:/Santoto/Practicas/Practica1_de0_NANO_SOC/modules/divisor_frecuencia.v ;         ;
; modules/contador.v               ; yes             ; User Verilog HDL File        ; D:/Santoto/Practicas/Practica1_de0_NANO_SOC/modules/contador.v           ;         ;
; de0_nano_soc_practica.v          ; yes             ; Auto-Found Verilog HDL File  ; D:/Santoto/Practicas/Practica1_de0_NANO_SOC/de0_nano_soc_practica.v      ;         ;
+----------------------------------+-----------------+------------------------------+--------------------------------------------------------------------------+---------+


+------------------------------------------------------------------+
; Analysis & Synthesis Resource Usage Summary                      ;
+---------------------------------------------+--------------------+
; Resource                                    ; Usage              ;
+---------------------------------------------+--------------------+
; Estimate of Logic utilization (ALMs needed) ; 24                 ;
;                                             ;                    ;
; Combinational ALUT usage for logic          ; 47                 ;
;     -- 7 input functions                    ; 0                  ;
;     -- 6 input functions                    ; 1                  ;
;     -- 5 input functions                    ; 4                  ;
;     -- 4 input functions                    ; 3                  ;
;     -- <=3 input functions                  ; 39                 ;
;                                             ;                    ;
; Dedicated logic registers                   ; 40                 ;
;                                             ;                    ;
; I/O pins                                    ; 110                ;
;                                             ;                    ;
; Total DSP Blocks                            ; 0                  ;
;                                             ;                    ;
; Maximum fan-out node                        ; FPGA_CLK1_50~input ;
; Maximum fan-out                             ; 33                 ;
; Total fan-out                               ; 433                ;
; Average fan-out                             ; 1.09               ;
+---------------------------------------------+--------------------+


+------------------------------------------------------------------------------------------------------------------------------------------------------------------------------------------------------------------------------+
; Analysis & Synthesis Resource Utilization by Entity                                                                                                                                                                          ;
+-------------------------------------------------+-------------------+--------------+-------------------+------------+------+--------------+-------------------------------------------------------------------+--------------+
; Compilation Hierarchy Node                      ; LC Combinationals ; LC Registers ; Block Memory Bits ; DSP Blocks ; Pins ; Virtual Pins ; Full Hierarchy Name                                               ; Library Name ;
+-------------------------------------------------+-------------------+--------------+-------------------+------------+------+--------------+-------------------------------------------------------------------+--------------+
; |DE0_NANO_SOC_practica                          ; 47 (0)            ; 40 (0)       ; 0                 ; 0          ; 110  ; 0            ; |DE0_NANO_SOC_practica                                            ; work         ;
;    |contador:contador_inst|                     ; 7 (7)             ; 7 (7)        ; 0                 ; 0          ; 0    ; 0            ; |DE0_NANO_SOC_practica|contador:contador_inst                     ; work         ;
;    |divisor_frecuencia:divisor_frecuencia_inst| ; 40 (40)           ; 33 (33)      ; 0                 ; 0          ; 0    ; 0            ; |DE0_NANO_SOC_practica|divisor_frecuencia:divisor_frecuencia_inst ; work         ;
+-------------------------------------------------+-------------------+--------------+-------------------+------------+------+--------------+-------------------------------------------------------------------+--------------+
Note: For table entries with two numbers listed, the numbers in parentheses indicate the number of resources of the given type used by the specific entity alone. The numbers listed outside of parentheses indicate the total resources of the given type used by the specific entity and all of its sub-entities in the hierarchy.


+-------------------------------------------------------------+
; Registers Removed During Synthesis                          ;
+----------------------------------------+--------------------+
; Register name                          ; Reason for Removal ;
+----------------------------------------+--------------------+
; contador:contador_inst|conteo[7..19]   ; Lost fanout        ;
; Total Number of Removed Registers = 13 ;                    ;
+----------------------------------------+--------------------+


+------------------------------------------------------+
; General Register Statistics                          ;
+----------------------------------------------+-------+
; Statistic                                    ; Value ;
+----------------------------------------------+-------+
; Total registers                              ; 40    ;
; Number of registers using Synchronous Clear  ; 32    ;
; Number of registers using Synchronous Load   ; 0     ;
; Number of registers using Asynchronous Clear ; 0     ;
; Number of registers using Asynchronous Load  ; 0     ;
; Number of registers using Clock Enable       ; 0     ;
; Number of registers using Preset             ; 0     ;
+----------------------------------------------+-------+


+-----------------------------------------------------------------------------------------------------------------------------------------------------+
; Port Connectivity Checks: "contador:contador_inst"                                                                                                  ;
+-------+--------+----------+-------------------------------------------------------------------------------------------------------------------------+
; Port  ; Type   ; Severity ; Details                                                                                                                 ;
+-------+--------+----------+-------------------------------------------------------------------------------------------------------------------------+
; reset ; Input  ; Info     ; Stuck at VCC                                                                                                            ;
; out   ; Output ; Warning  ; Output or bidir port (10 bits) is wider than the port expression (7 bits) it drives; bit(s) "out[9..7]" have no fanouts ;
+-------+--------+----------+-------------------------------------------------------------------------------------------------------------------------+


+------------------------------------------------------------------------+
; Port Connectivity Checks: "divisor_frecuencia:divisor_frecuencia_inst" ;
+------------+-------+----------+----------------------------------------+
; Port       ; Type  ; Severity ; Details                                ;
+------------+-------+----------+----------------------------------------+
; reset      ; Input ; Info     ; Stuck at VCC                           ;
; in[22..18] ; Input ; Info     ; Stuck at VCC                           ;
; in[14..11] ; Input ; Info     ; Stuck at VCC                           ;
; in[31..25] ; Input ; Info     ; Stuck at GND                           ;
; in[10..7]  ; Input ; Info     ; Stuck at GND                           ;
; in[5..0]   ; Input ; Info     ; Stuck at GND                           ;
; in[24]     ; Input ; Info     ; Stuck at VCC                           ;
; in[23]     ; Input ; Info     ; Stuck at GND                           ;
; in[17]     ; Input ; Info     ; Stuck at GND                           ;
; in[16]     ; Input ; Info     ; Stuck at VCC                           ;
; in[15]     ; Input ; Info     ; Stuck at GND                           ;
; in[6]      ; Input ; Info     ; Stuck at VCC                           ;
+------------+-------+----------+----------------------------------------+


+-----------------------------------------------------+
; Post-Synthesis Netlist Statistics for Top Partition ;
+-----------------------+-----------------------------+
; Type                  ; Count                       ;
+-----------------------+-----------------------------+
; arriav_ff             ; 40                          ;
;     SCLR              ; 32                          ;
;     plain             ; 8                           ;
; arriav_io_obuf        ; 89                          ;
; arriav_lcell_comb     ; 48                          ;
;     arith             ; 38                          ;
;         1 data inputs ; 37                          ;
;         2 data inputs ; 1                           ;
;     normal            ; 10                          ;
;         0 data inputs ; 1                           ;
;         1 data inputs ; 1                           ;
;         4 data inputs ; 3                           ;
;         5 data inputs ; 4                           ;
;         6 data inputs ; 1                           ;
; boundary_port         ; 110                         ;
;                       ;                             ;
; Max LUT depth         ; 4.10                        ;
; Average LUT depth     ; 1.63                        ;
+-----------------------+-----------------------------+


+-------------------------------+
; Elapsed Time Per Partition    ;
+----------------+--------------+
; Partition Name ; Elapsed Time ;
+----------------+--------------+
; Top            ; 00:00:01     ;
+----------------+--------------+


+-------------------------------+
; Analysis & Synthesis Messages ;
+-------------------------------+
Info: *******************************************************************
Info: Running Quartus II 64-Bit Analysis & Synthesis
    Info: Version 15.0.0 Build 145 04/22/2015 SJ Web Edition
    Info: Processing started: Thu May 26 13:40:11 2016
Info: Command: quartus_map --read_settings_files=on --write_settings_files=off DE0_NANO_SOC_practica -c DE0_NANO_SOC_practica
Info (20030): Parallel compilation is enabled and will use 4 of the 4 processors detected
Info (12021): Found 1 design units, including 1 entities, in source file modules/divisor_frecuencia.v
    Info (12023): Found entity 1: divisor_frecuencia
Info (12021): Found 1 design units, including 1 entities, in source file modules/contador.v
    Info (12023): Found entity 1: contador
Warning (12125): Using design file de0_nano_soc_practica.v, which is not specified as a design file for the current project, but contains definitions for 1 design units and 1 entities in project
    Info (12023): Found entity 1: DE0_NANO_SOC_practica
Info (12127): Elaborating entity "DE0_NANO_SOC_practica" for the top level hierarchy
Warning (10034): Output port "ADC_CONVST" at de0_nano_soc_practica.v(9) has no driver
Warning (10034): Output port "ADC_SCK" at de0_nano_soc_practica.v(10) has no driver
Warning (10034): Output port "ADC_SDI" at de0_nano_soc_practica.v(11) has no driver
Info (12128): Elaborating entity "divisor_frecuencia" for hierarchy "divisor_frecuencia:divisor_frecuencia_inst"
Info (12128): Elaborating entity "contador" for hierarchy "contador:contador_inst"
Warning (12241): 1 hierarchies have connectivity warnings - see the Connectivity Checks report folder
Warning (13039): The following bidirectional pins have no drivers
    Warning (13040): bidirectional pin "ARDUINO_IO[0]" has no driver
    Warning (13040): bidirectional pin "ARDUINO_IO[1]" has no driver
    Warning (13040): bidirectional pin "ARDUINO_IO[2]" has no driver
    Warning (13040): bidirectional pin "ARDUINO_IO[3]" has no driver
    Warning (13040): bidirectional pin "ARDUINO_IO[4]" has no driver
    Warning (13040): bidirectional pin "ARDUINO_IO[5]" has no driver
    Warning (13040): bidirectional pin "ARDUINO_IO[6]" has no driver
    Warning (13040): bidirectional pin "ARDUINO_IO[7]" has no driver
    Warning (13040): bidirectional pin "ARDUINO_IO[8]" has no driver
    Warning (13040): bidirectional pin "ARDUINO_IO[9]" has no driver
    Warning (13040): bidirectional pin "ARDUINO_IO[10]" has no driver
    Warning (13040): bidirectional pin "ARDUINO_IO[11]" has no driver
    Warning (13040): bidirectional pin "ARDUINO_IO[12]" has no driver
    Warning (13040): bidirectional pin "ARDUINO_IO[13]" has no driver
    Warning (13040): bidirectional pin "ARDUINO_IO[14]" has no driver
    Warning (13040): bidirectional pin "ARDUINO_IO[15]" has no driver
    Warning (13040): bidirectional pin "ARDUINO_RESET_N" has no driver
    Warning (13040): bidirectional pin "GPIO_0[0]" has no driver
    Warning (13040): bidirectional pin "GPIO_0[1]" has no driver
    Warning (13040): bidirectional pin "GPIO_0[2]" has no driver
    Warning (13040): bidirectional pin "GPIO_0[3]" has no driver
    Warning (13040): bidirectional pin "GPIO_0[4]" has no driver
    Warning (13040): bidirectional pin "GPIO_0[5]" has no driver
    Warning (13040): bidirectional pin "GPIO_0[6]" has no driver
    Warning (13040): bidirectional pin "GPIO_0[7]" has no driver
    Warning (13040): bidirectional pin "GPIO_0[8]" has no driver
    Warning (13040): bidirectional pin "GPIO_0[9]" has no driver
    Warning (13040): bidirectional pin "GPIO_0[10]" has no driver
    Warning (13040): bidirectional pin "GPIO_0[11]" has no driver
    Warning (13040): bidirectional pin "GPIO_0[12]" has no driver
    Warning (13040): bidirectional pin "GPIO_0[13]" has no driver
    Warning (13040): bidirectional pin "GPIO_0[14]" has no driver
    Warning (13040): bidirectional pin "GPIO_0[15]" has no driver
    Warning (13040): bidirectional pin "GPIO_0[16]" has no driver
    Warning (13040): bidirectional pin "GPIO_0[17]" has no driver
    Warning (13040): bidirectional pin "GPIO_0[18]" has no driver
    Warning (13040): bidirectional pin "GPIO_0[19]" has no driver
    Warning (13040): bidirectional pin "GPIO_0[20]" has no driver
    Warning (13040): bidirectional pin "GPIO_0[21]" has no driver
    Warning (13040): bidirectional pin "GPIO_0[22]" has no driver
    Warning (13040): bidirectional pin "GPIO_0[23]" has no driver
    Warning (13040): bidirectional pin "GPIO_0[24]" has no driver
    Warning (13040): bidirectional pin "GPIO_0[25]" has no driver
    Warning (13040): bidirectional pin "GPIO_0[26]" has no driver
    Warning (13040): bidirectional pin "GPIO_0[27]" has no driver
    Warning (13040): bidirectional pin "GPIO_0[28]" has no driver
    Warning (13040): bidirectional pin "GPIO_0[29]" has no driver
    Warning (13040): bidirectional pin "GPIO_0[30]" has no driver
    Warning (13040): bidirectional pin "GPIO_0[31]" has no driver
    Warning (13040): bidirectional pin "GPIO_0[32]" has no driver
    Warning (13040): bidirectional pin "GPIO_0[33]" has no driver
    Warning (13040): bidirectional pin "GPIO_0[34]" has no driver
    Warning (13040): bidirectional pin "GPIO_0[35]" has no driver
    Warning (13040): bidirectional pin "GPIO_1[0]" has no driver
    Warning (13040): bidirectional pin "GPIO_1[1]" has no driver
    Warning (13040): bidirectional pin "GPIO_1[2]" has no driver
    Warning (13040): bidirectional pin "GPIO_1[3]" has no driver
    Warning (13040): bidirectional pin "GPIO_1[4]" has no driver
    Warning (13040): bidirectional pin "GPIO_1[5]" has no driver
    Warning (13040): bidirectional pin "GPIO_1[6]" has no driver
    Warning (13040): bidirectional pin "GPIO_1[7]" has no driver
    Warning (13040): bidirectional pin "GPIO_1[8]" has no driver
    Warning (13040): bidirectional pin "GPIO_1[9]" has no driver
    Warning (13040): bidirectional pin "GPIO_1[10]" has no driver
    Warning (13040): bidirectional pin "GPIO_1[11]" has no driver
    Warning (13040): bidirectional pin "GPIO_1[12]" has no driver
    Warning (13040): bidirectional pin "GPIO_1[13]" has no driver
    Warning (13040): bidirectional pin "GPIO_1[14]" has no driver
    Warning (13040): bidirectional pin "GPIO_1[15]" has no driver
    Warning (13040): bidirectional pin "GPIO_1[16]" has no driver
    Warning (13040): bidirectional pin "GPIO_1[17]" has no driver
    Warning (13040): bidirectional pin "GPIO_1[18]" has no driver
    Warning (13040): bidirectional pin "GPIO_1[19]" has no driver
    Warning (13040): bidirectional pin "GPIO_1[20]" has no driver
    Warning (13040): bidirectional pin "GPIO_1[21]" has no driver
    Warning (13040): bidirectional pin "GPIO_1[22]" has no driver
    Warning (13040): bidirectional pin "GPIO_1[23]" has no driver
    Warning (13040): bidirectional pin "GPIO_1[24]" has no driver
    Warning (13040): bidirectional pin "GPIO_1[25]" has no driver
    Warning (13040): bidirectional pin "GPIO_1[26]" has no driver
    Warning (13040): bidirectional pin "GPIO_1[27]" has no driver
    Warning (13040): bidirectional pin "GPIO_1[28]" has no driver
    Warning (13040): bidirectional pin "GPIO_1[29]" has no driver
    Warning (13040): bidirectional pin "GPIO_1[30]" has no driver
    Warning (13040): bidirectional pin "GPIO_1[31]" has no driver
    Warning (13040): bidirectional pin "GPIO_1[32]" has no driver
    Warning (13040): bidirectional pin "GPIO_1[33]" has no driver
    Warning (13040): bidirectional pin "GPIO_1[34]" has no driver
    Warning (13040): bidirectional pin "GPIO_1[35]" has no driver
Warning (13024): Output pins are stuck at VCC or GND
    Warning (13410): Pin "ADC_CONVST" is stuck at GND
    Warning (13410): Pin "ADC_SCK" is stuck at GND
    Warning (13410): Pin "ADC_SDI" is stuck at GND
Info (286030): Timing-Driven Synthesis is running
Info (17049): 13 registers lost all their fanouts during netlist optimizations.
Info (16010): Generating hard_block partition "hard_block:auto_generated_inst"
    Info (16011): Adding 0 node(s), including 0 DDIO, 0 PLL, 0 transceiver and 0 LCELL
Warning (21074): Design contains 9 input pin(s) that do not drive logic
    Warning (15610): No output dependent on input pin "ADC_SDO"
    Warning (15610): No output dependent on input pin "FPGA_CLK2_50"
    Warning (15610): No output dependent on input pin "FPGA_CLK3_50"
    Warning (15610): No output dependent on input pin "KEY[0]"
    Warning (15610): No output dependent on input pin "KEY[1]"
    Warning (15610): No output dependent on input pin "SW[0]"
    Warning (15610): No output dependent on input pin "SW[1]"
    Warning (15610): No output dependent on input pin "SW[2]"
    Warning (15610): No output dependent on input pin "SW[3]"
Info (21057): Implemented 157 device resources after synthesis - the final resource count might be different
    Info (21058): Implemented 10 input pins
    Info (21059): Implemented 11 output pins
    Info (21060): Implemented 89 bidirectional pins
    Info (21061): Implemented 47 logic cells
Info: Quartus II 64-Bit Analysis & Synthesis was successful. 0 errors, 109 warnings
    Info: Peak virtual memory: 766 megabytes
    Info: Processing ended: Thu May 26 13:40:38 2016
    Info: Elapsed time: 00:00:27
    Info: Total CPU time (on all processors): 00:00:56


